// Jest Snapshot v1, https://goo.gl/fbAQLP

exports[`Test rendering renders text correctly 1`] = `
<h1
  class="title"
>
  Welcome to our page
</h1>
`;
